{"documentId":"amherst-2026-06-08","acts":3,"removed":2,"keptNoValidDecision":0,"unknownIds":0}
{"documentId":"saint-polycarpe-2026-01-19","acts":5,"removed":2,"keptNoValidDecision":0,"unknownIds":0}
{"documentId":"saint-lin-laurentides-2026-06-09","acts":8,"removed":0,"keptNoValidDecision":0,"unknownIds":0}
{"documentId":"saint-charles-de-bourget-2026-05-04","acts":4,"removed":1,"keptNoValidDecision":0,"unknownIds":0}
{"documentId":"ayers-cliff-2026-03-02","acts":4,"removed":0,"keptNoValidDecision":0,"unknownIds":0}
{"documentId":"saint-henri-2026-03-02","acts":5,"removed":2,"keptNoValidDecision":0,"unknownIds":0}
{"documentId":"coteau-du-lac-2026-02-10","acts":6,"removed":0,"keptNoValidDecision":0,"unknownIds":0}
{"documentId":"abercorn-2026-03-30","acts":2,"removed":2,"keptNoValidDecision":0,"unknownIds":0}
{"documentId":"stratford-2026-04-20","acts":11,"removed":2,"keptNoValidDecision":0,"unknownIds":0}
{"documentId":"grenville-sur-la-rouge-2026-04-14","acts":7,"removed":1,"keptNoValidDecision":0,"unknownIds":0}
{"documentId":"saint-roch-de-lachigan-2026-05-11","acts":7,"removed":0,"keptNoValidDecision":0,"unknownIds":0}
{"documentId":"chibougamau-2026-05-16","acts":4,"removed":0,"keptNoValidDecision":0,"unknownIds":0}
{"documentId":"saint-damien-2026-06-16","acts":8,"removed":5,"keptNoValidDecision":0,"unknownIds":0}
{"documentId":"aumond-2026-01-14","acts":3,"removed":1,"keptNoValidDecision":0,"unknownIds":0}
{"documentId":"val-racine-2026-06-09","acts":7,"removed":2,"keptNoValidDecision":0,"unknownIds":0}
{"documentId":"val-dor-2026-06-01","acts":8,"removed":1,"keptNoValidDecision":0,"unknownIds":0}
{"documentId":"lac-tremblant-nord-2026-05-09","acts":5,"removed":0,"keptNoValidDecision":0,"unknownIds":0}
{"documentId":"candiac-2026-06-15","acts":2,"removed":1,"keptNoValidDecision":0,"unknownIds":0}
{"documentId":"ogden-2026-03-09","acts":11,"removed":0,"keptNoValidDecision":0,"unknownIds":0}
{"documentId":"lislet-2026-04-07","acts":7,"removed":0,"keptNoValidDecision":0,"unknownIds":0}
{"documentId":"dollard-des-ormeaux-2026-02-10","acts":6,"removed":3,"keptNoValidDecision":0,"unknownIds":0}
{"documentId":"pincourt-2026-01-20","acts":9,"removed":2,"keptNoValidDecision":0,"unknownIds":0}
{"documentId":"danville-2026-01-15","acts":3,"removed":0,"keptNoValidDecision":0,"unknownIds":0}
{"documentId":"bolton-est-2026-01-12","acts":8,"removed":1,"keptNoValidDecision":0,"unknownIds":0}
{"documentId":"arundel-2026-07-31","acts":6,"removed":3,"keptNoValidDecision":0,"unknownIds":0}
{"documentId":"lac-du-cerf-2026-04-11","acts":2,"removed":2,"keptNoValidDecision":0,"unknownIds":0}
{"documentId":"mcmasterville-2026-02-02","acts":7,"removed":0,"keptNoValidDecision":0,"unknownIds":0}
{"documentId":"acton-vale-2026-03-16","acts":5,"removed":2,"keptNoValidDecision":0,"unknownIds":0}
{"documentId":"chesterville-2026-03-02","acts":4,"removed":1,"keptNoValidDecision":0,"unknownIds":0}
{"documentId":"saint-constant-2026-01-20","acts":4,"removed":2,"keptNoValidDecision":0,"unknownIds":0}
{"documentId":"sainte-brigide-diberville-2026-06-01","acts":6,"removed":1,"keptNoValidDecision":0,"unknownIds":0}
{"documentId":"lyster-2026-02-02","acts":4,"removed":0,"keptNoValidDecision":0,"unknownIds":0}
{"documentId":"waterville-2026-04-07","acts":6,"removed":0,"keptNoValidDecision":0,"unknownIds":0}
{"documentId":"roxton-2026-04-07","acts":6,"removed":3,"keptNoValidDecision":0,"unknownIds":0}
{"documentId":"saint-felix-de-kingsey-2026-04-07","acts":6,"removed":2,"keptNoValidDecision":0,"unknownIds":0}
{"documentId":"les-coteaux-2026-03-16","acts":9,"removed":3,"keptNoValidDecision":0,"unknownIds":0}
{"documentId":"lorraine-2026-01-13","acts":4,"removed":0,"keptNoValidDecision":0,"unknownIds":0}
{"documentId":"daveluyville-2026-05-04","acts":9,"removed":3,"keptNoValidDecision":0,"unknownIds":0}
{"documentId":"beaupre-2026-03-02","acts":6,"removed":1,"keptNoValidDecision":0,"unknownIds":0}
{"documentId":"saint-stanislas--des-chenaux-2026-04-07","acts":9,"removed":4,"keptNoValidDecision":0,"unknownIds":0}
{"documentId":"saint-bernard-de-michaudville-2026-04-01","acts":4,"removed":2,"keptNoValidDecision":0,"unknownIds":0}
{"documentId":"blue-sea-2026-02-03","acts":3,"removed":3,"keptNoValidDecision":0,"unknownIds":0}
{"documentId":"sainte-francoise--becancour-2026-05-04","acts":7,"removed":3,"keptNoValidDecision":0,"unknownIds":0}
{"documentId":"tadoussac-2026-01-13","acts":9,"removed":1,"keptNoValidDecision":0,"unknownIds":0}
{"documentId":"saint-sylvere-2026-04-07","acts":9,"removed":1,"keptNoValidDecision":0,"unknownIds":0}
{"documentId":"parisville-2026-05-05","acts":7,"removed":3,"keptNoValidDecision":0,"unknownIds":0}
{"documentId":"lac-saint-paul-2026-05-11","acts":8,"removed":3,"keptNoValidDecision":0,"unknownIds":0}
{"documentId":"dosquet-2026-01-13","acts":6,"removed":4,"keptNoValidDecision":0,"unknownIds":0}
{"documentId":"barnston-ouest-2026-05-04","acts":13,"removed":5,"keptNoValidDecision":0,"unknownIds":0}
{"documentId":"saint-just-de-bretenieres-2026-02-02","acts":3,"removed":0,"keptNoValidDecision":0,"unknownIds":0}
{"documentId":"bedford--brome-missisquoi-2026-06-02","acts":15,"removed":3,"keptNoValidDecision":0,"unknownIds":0}
{"documentId":"wentworth-nord-2026-01-21","acts":8,"removed":4,"keptNoValidDecision":0,"unknownIds":0}
{"documentId":"notre-dame-de-lourdes--joliette-2026-04-13","acts":9,"removed":2,"keptNoValidDecision":0,"unknownIds":0}
{"documentId":"warden-2026-04-08","acts":8,"removed":2,"keptNoValidDecision":0,"unknownIds":0}
{"documentId":"saint-zephirin-de-courval-2026-03-02","acts":5,"removed":3,"keptNoValidDecision":0,"unknownIds":0}
{"documentId":"sainte-clotilde-2026-04-20","acts":12,"removed":3,"keptNoValidDecision":0,"unknownIds":0}
{"documentId":"bowman-2026-05-12","acts":3,"removed":1,"keptNoValidDecision":0,"unknownIds":0}
{"documentId":"eastman-2026-06-01","acts":15,"removed":1,"keptNoValidDecision":0,"unknownIds":0}
{"documentId":"lavenir-2026-05-04","acts":4,"removed":3,"keptNoValidDecision":0,"unknownIds":0}
{"documentId":"richelieu-2026-02-03","acts":6,"removed":0,"keptNoValidDecision":0,"unknownIds":0}
{"documentId":"cookshire-eaton-2026-04-07","acts":7,"removed":2,"keptNoValidDecision":0,"unknownIds":0}
{"documentId":"saint-tite-des-caps-2026-02-02","acts":7,"removed":2,"keptNoValidDecision":0,"unknownIds":0}
{"documentId":"stoneham-et-tewkesbury-2026-06-08","acts":14,"removed":2,"keptNoValidDecision":0,"unknownIds":0}
{"documentId":"sainte-angele-de-monnoir-2026-01-13","acts":6,"removed":2,"keptNoValidDecision":0,"unknownIds":0}
{"documentId":"mont-saint-hilaire-2026-04-13","acts":14,"removed":0,"keptNoValidDecision":0,"unknownIds":0}
{"documentId":"brossard-2026-04-28","acts":11,"removed":4,"keptNoValidDecision":0,"unknownIds":0}
{"documentId":"contrecoeur-2026-04-14","acts":15,"removed":3,"keptNoValidDecision":0,"unknownIds":0}
{"documentId":"hatley-2026-04-07","acts":6,"removed":2,"keptNoValidDecision":0,"unknownIds":0}
{"documentId":"frontenac-2026-03-10","acts":13,"removed":4,"keptNoValidDecision":0,"unknownIds":0}
{"documentId":"cowansville-2026-05-05","acts":33,"removed":0,"keptNoValidDecision":0,"unknownIds":0}
{"documentId":"la-peche-2026-06-01","acts":12,"removed":4,"keptNoValidDecision":0,"unknownIds":0}
{"documentId":"beloeil-2026-03-23","acts":26,"removed":1,"keptNoValidDecision":0,"unknownIds":0}
{"documentId":"sainte-barbe-2026-05-05","acts":11,"removed":2,"keptNoValidDecision":0,"unknownIds":0}
{"documentId":"sainte-sophie-2026-06-02","acts":17,"removed":5,"keptNoValidDecision":0,"unknownIds":0}
{"documentId":"sainte-martine-2026-03-17","acts":13,"removed":5,"keptNoValidDecision":0,"unknownIds":0}
{"documentId":"orford-2026-03-02","acts":6,"removed":2,"keptNoValidDecision":0,"unknownIds":0}
{"documentId":"gracefield-2026-04-14","acts":4,"removed":2,"keptNoValidDecision":0,"unknownIds":0}
{"documentId":"rosemere-2026-04-13","acts":21,"removed":3,"keptNoValidDecision":0,"unknownIds":0}
{"documentId":"berthier-sur-mer-2026-03-24","acts":8,"removed":3,"keptNoValidDecision":0,"unknownIds":0}
{"documentId":"potton-2026-01-05","acts":6,"removed":1,"keptNoValidDecision":0,"unknownIds":0}
{"documentId":"notre-dame-du-rosaire-2026-03-02","acts":6,"removed":2,"keptNoValidDecision":0,"unknownIds":0}
{"documentId":"sainte-catherine-de-la-jacques-cartier-2026-03-02","acts":12,"removed":2,"keptNoValidDecision":0,"unknownIds":0}
{"documentId":"sacre-coeur-2026-05-11","acts":15,"removed":1,"keptNoValidDecision":0,"unknownIds":0}
{"documentId":"pierreville-2026-03-10","acts":7,"removed":3,"keptNoValidDecision":0,"unknownIds":0}
{"documentId":"lac-etchemin-2026-02-03","acts":6,"removed":3,"keptNoValidDecision":0,"unknownIds":0}
{"documentId":"sainte-croix-2026-05-05","acts":12,"removed":5,"keptNoValidDecision":0,"unknownIds":0}
{"documentId":"sainte-genevieve-de-batiscan-2026-04-07","acts":7,"removed":2,"keptNoValidDecision":0,"unknownIds":0}
{"documentId":"stanstead-est-2026-04-13","acts":12,"removed":4,"keptNoValidDecision":0,"unknownIds":0}
{"documentId":"sainte-thecle-2026-03-09","acts":20,"removed":1,"keptNoValidDecision":0,"unknownIds":0}
{"documentId":"saint-odilon-de-cranbourne-2026-01-12","acts":9,"removed":2,"keptNoValidDecision":0,"unknownIds":0}
{"documentId":"sainte-christine-2026-04-07","acts":2,"removed":0,"keptNoValidDecision":0,"unknownIds":0}
{"documentId":"carignan-2026-03-04","acts":25,"removed":2,"keptNoValidDecision":0,"unknownIds":0}
{"documentId":"brownsburg-chatham-2026-03-10","acts":34,"removed":4,"keptNoValidDecision":0,"unknownIds":0}
{"documentId":"lac-brome-2026-04-07","acts":14,"removed":4,"keptNoValidDecision":0,"unknownIds":0}
{"documentId":"lac-des-seize-iles-2026-09-agenda","acts":6,"removed":2,"keptNoValidDecision":0,"unknownIds":0}
{"documentId":"boisbriand-2026-05-05","acts":8,"removed":1,"keptNoValidDecision":0,"unknownIds":0}
{"documentId":"saint-etienne-de-bolton-2026-08-04","acts":16,"removed":2,"keptNoValidDecision":0,"unknownIds":0}
{"documentId":"valcourt-2026-06-01-agenda","acts":9,"removed":2,"keptNoValidDecision":0,"unknownIds":0}
{"documentId":"saint-barthelemy-2026-09-08","acts":10,"removed":1,"keptNoValidDecision":0,"unknownIds":0}
{"documentId":"waterloo-2026-08-18","acts":18,"removed":4,"keptNoValidDecision":0,"unknownIds":0}
{"done":100,"skipped":0,"failed":0,"noAstraOutput":0,"noActs":0}
